
Memory Configuration

Name             Origin             Length             Attributes
vexriscv_debug   0x00000000f00f0000 0x0000000000000100
dff              0x0000000000000000 0x0000000000000400
dff2             0x0000000000000400 0x0000000000000200
flash            0x0000000010000000 0x0000000001000000
mprj             0x0000000030000000 0x0000000000100000
mprjram          0x0000000038000000 0x0000000000010000
indata           0x0000000038010000 0x0000000000010000
hk               0x0000000026000000 0x0000000000100000
csr              0x00000000f0000000 0x0000000000010000
*default*        0x0000000000000000 0xffffffffffffffff

Linker script and memory map

                0x0000000000000000                __DYNAMIC = 0x0

.text           0x0000000010000000      0x7dc
                0x0000000010000000                _ftext = .
 *crt0*(.text)
 .text          0x0000000010000000      0x174 counter_la_fir.elf-crt0_vex.o
                0x0000000010000000                _start
                0x0000000010000020                trap_entry
 *crt0*(.text)
 *(.text.isr)
                0x0000000010000174                _etext = .
 .text          0x0000000010000174       0xb4 counter_la_fir.elf-isr.o
                0x00000000100001d4                isr
 .text          0x0000000010000228        0x0 counter_la_fir.elf-fir.o
 .text          0x0000000010000228      0x5b4 counter_la_fir.elf-counter_la_fir.o
                0x0000000010000260                putchar
                0x00000000100002c8                print
                0x000000001000031c                main

.rela.dyn       0x00000000100007dc        0x0
 .rela.text     0x00000000100007dc        0x0 counter_la_fir.elf-crt0_vex.o

.rodata         0x00000000100007dc        0x4
                0x00000000100007e0                . = ALIGN (0x8)
 *fill*         0x00000000100007dc        0x4 
                0x00000000100007e0                _frodata = .
 *(.rodata .rodata.* .gnu.linkonce.r.*)
 *(.rodata1)
                0x00000000100007e0                . = ALIGN (0x8)
                0x00000000100007e0                _erodata = .

.data           0x0000000000000000       0x30 load address 0x00000000100007e0
                0x0000000000000000                . = ALIGN (0x8)
                0x0000000000000000                _fdata = .
 *(.data .data.* .gnu.linkonce.d.*)
 .data          0x0000000000000000        0x0 counter_la_fir.elf-crt0_vex.o
 .data          0x0000000000000000        0x0 counter_la_fir.elf-isr.o
 .data          0x0000000000000000       0x2c counter_la_fir.elf-fir.o
                0x0000000000000000                taps
 .data          0x000000000000002c        0x0 counter_la_fir.elf-counter_la_fir.o
 *(.data1)
                0x0000000000000030                _gp = ALIGN (0x10)
 *(.sdata .sdata.* .gnu.linkonce.s.*)
                0x0000000000000030                . = ALIGN (0x8)
 *fill*         0x000000000000002c        0x4 
                0x0000000000000030                _edata = .

.bss            0x0000000000000030       0x60 load address 0x0000000010000810
                0x0000000000000030                . = ALIGN (0x8)
                0x0000000000000030                _fbss = .
 *(.dynsbss)
 *(.sbss .sbss.* .gnu.linkonce.sb.*)
 .sbss          0x0000000000000030        0x2 counter_la_fir.elf-isr.o
                0x0000000000000030                flag
 *(.scommon)
 *(.dynbss)
 *(.bss .bss.* .gnu.linkonce.b.*)
 .bss           0x0000000000000032        0x0 counter_la_fir.elf-crt0_vex.o
 .bss           0x0000000000000032        0x0 counter_la_fir.elf-isr.o
 *fill*         0x0000000000000032        0x2 
 .bss           0x0000000000000034       0x58 counter_la_fir.elf-fir.o
                0x0000000000000034                inputbuffer
                0x0000000000000060                outputsignal
 .bss           0x000000000000008c        0x0 counter_la_fir.elf-counter_la_fir.o
 *(COMMON)
                0x0000000000000090                . = ALIGN (0x8)
 *fill*         0x000000000000008c        0x4 
                0x0000000000000090                _ebss = .
                0x0000000000000090                _end = .

.mprjram        0x0000000038000000       0xc0 load address 0x0000000010000810
                0x0000000038000000                . = ALIGN (0x8)
                0x0000000038000000                _fsram = .
 .mprjram       0x0000000038000000       0xc0 counter_la_fir.elf-fir.o
                0x0000000038000000                initfir
                0x0000000038000054                fir

.indata         0x0000000038010000       0x2c load address 0x00000000100008d0
                0x0000000038010000                . = ALIGN (0x8)
                0x0000000038010000                _in_sram = .
 .indata        0x0000000038010000       0x2c counter_la_fir.elf-fir.o
                0x0000000038010000                inputsignal
                0x0000000000000600                PROVIDE (_fstack = (ORIGIN (dff2) + LENGTH (dff2)))
                0x00000000100007e0                PROVIDE (_fdata_rom = LOADADDR (.data))
                [!provide]                        PROVIDE (_edata_rom = (LOADADDR (.data) + SIZEOF (.data)))
                0x00000000380000c0                PROVIDE (_esram = (ORIGIN (mprjram) + SIZEOF (.mprjram)))
                0x0000000010000810                PROVIDE (_esram_rom = LOADADDR (.mprjram))
                0x000000003801002c                PROVIDE (_insram = (ORIGIN (indata) + SIZEOF (.indata)))
                0x00000000100008d0                PROVIDE (_insram_rom = LOADADDR (.indata))
LOAD counter_la_fir.elf-crt0_vex.o
LOAD counter_la_fir.elf-isr.o
LOAD counter_la_fir.elf-fir.o
LOAD counter_la_fir.elf-counter_la_fir.o
LOAD /opt/riscv/lib/gcc/riscv32-unknown-elf/12.1.0/libgcc.a
START GROUP
LOAD /opt/riscv/lib/gcc/riscv32-unknown-elf/12.1.0/../../../../riscv32-unknown-elf/lib/libc.a
LOAD /opt/riscv/lib/gcc/riscv32-unknown-elf/12.1.0/../../../../riscv32-unknown-elf/lib/libgloss.a
END GROUP
LOAD /opt/riscv/lib/gcc/riscv32-unknown-elf/12.1.0/libgcc.a
OUTPUT(counter_la_fir.elf elf32-littleriscv)

.riscv.attributes
                0x0000000000000000       0x20
 .riscv.attributes
                0x0000000000000000       0x1e counter_la_fir.elf-crt0_vex.o
 .riscv.attributes
                0x000000000000001e       0x20 counter_la_fir.elf-isr.o
 .riscv.attributes
                0x000000000000003e       0x1c counter_la_fir.elf-fir.o
 .riscv.attributes
                0x000000000000005a       0x1c counter_la_fir.elf-counter_la_fir.o

.comment        0x0000000000000000       0x1b
 .comment       0x0000000000000000       0x1b counter_la_fir.elf-isr.o
                                         0x1c (size before relaxing)
 .comment       0x000000000000001b       0x1c counter_la_fir.elf-fir.o
 .comment       0x000000000000001b       0x1c counter_la_fir.elf-counter_la_fir.o

.debug_line     0x0000000000000000      0x9b1
 .debug_line    0x0000000000000000      0x23a counter_la_fir.elf-crt0_vex.o
 .debug_line    0x000000000000023a       0xd1 counter_la_fir.elf-isr.o
 .debug_line    0x000000000000030b       0xdf counter_la_fir.elf-fir.o
 .debug_line    0x00000000000003ea      0x5c7 counter_la_fir.elf-counter_la_fir.o

.debug_line_str
                0x0000000000000000       0xe6
 .debug_line_str
                0x0000000000000000       0x5d counter_la_fir.elf-crt0_vex.o
 .debug_line_str
                0x000000000000005d       0x6b counter_la_fir.elf-isr.o
                                        0x10c (size before relaxing)
 .debug_line_str
                0x00000000000000c8        0x6 counter_la_fir.elf-fir.o
                                         0x9e (size before relaxing)
 .debug_line_str
                0x00000000000000ce       0x18 counter_la_fir.elf-counter_la_fir.o
                                        0x11b (size before relaxing)

.debug_info     0x0000000000000000      0x344
 .debug_info    0x0000000000000000       0x25 counter_la_fir.elf-crt0_vex.o
 .debug_info    0x0000000000000025       0xed counter_la_fir.elf-isr.o
 .debug_info    0x0000000000000112       0xff counter_la_fir.elf-fir.o
 .debug_info    0x0000000000000211      0x133 counter_la_fir.elf-counter_la_fir.o

.debug_abbrev   0x0000000000000000      0x251
 .debug_abbrev  0x0000000000000000       0x14 counter_la_fir.elf-crt0_vex.o
 .debug_abbrev  0x0000000000000014       0xa9 counter_la_fir.elf-isr.o
 .debug_abbrev  0x00000000000000bd       0xaf counter_la_fir.elf-fir.o
 .debug_abbrev  0x000000000000016c       0xe5 counter_la_fir.elf-counter_la_fir.o

.debug_aranges  0x0000000000000000       0x88
 .debug_aranges
                0x0000000000000000       0x20 counter_la_fir.elf-crt0_vex.o
 .debug_aranges
                0x0000000000000020       0x20 counter_la_fir.elf-isr.o
 .debug_aranges
                0x0000000000000040       0x28 counter_la_fir.elf-fir.o
 .debug_aranges
                0x0000000000000068       0x20 counter_la_fir.elf-counter_la_fir.o

.debug_str      0x0000000000000000      0x19a
 .debug_str     0x0000000000000000       0x69 counter_la_fir.elf-crt0_vex.o
 .debug_str     0x0000000000000069       0xec counter_la_fir.elf-isr.o
                                        0x125 (size before relaxing)
 .debug_str     0x0000000000000155       0x32 counter_la_fir.elf-fir.o
                                         0x96 (size before relaxing)
 .debug_str     0x0000000000000187       0x13 counter_la_fir.elf-counter_la_fir.o
                                        0x11e (size before relaxing)

.debug_frame    0x0000000000000000      0x1cc
 .debug_frame   0x0000000000000000       0xa4 counter_la_fir.elf-isr.o
 .debug_frame   0x00000000000000a4       0x58 counter_la_fir.elf-fir.o
 .debug_frame   0x00000000000000fc       0xd0 counter_la_fir.elf-counter_la_fir.o

.debug_rnglists
                0x0000000000000000       0x1f
 .debug_rnglists
                0x0000000000000000       0x1f counter_la_fir.elf-fir.o
